2026-10-07 06:16:12 INFO  [main] com.payment.EzPayAppApplication - Starting EzPayAppApplication using Java 21.0.12.1 with PID 4516 (C:\Users\azureuser\eclipse-workspace\capstone\Ez_PayApp\target\classes started by azureuser in C:\Users\azureuser\eclipse-workspace\capstone\Ez_PayApp)
2026-10-07 06:16:12 INFO  [main] com.payment.EzPayAppApplication - No active profile set, falling back to 1 default profile: "default"
2026-10-07 06:16:13 INFO  [main] org.springframework.data.repository.config.RepositoryConfigurationDelegate - Bootstrapping Spring Data JPA repositories in DEFAULT mode.
2026-10-07 06:16:13 INFO  [main] org.springframework.data.repository.config.RepositoryConfigurationDelegate - Finished Spring Data repository scanning in 45 ms. Found 2 JPA repository interfaces.
2026-10-07 06:16:13 INFO  [main] org.springframework.boot.tomcat.TomcatWebServer - Tomcat initialized with port 8080 (http)
2026-10-07 06:16:13 INFO  [main] org.apache.coyote.http11.Http11NioProtocol - Initializing ProtocolHandler ["http-nio-8080"]
2026-10-07 06:16:13 INFO  [main] org.apache.catalina.core.StandardService - Starting service [Tomcat]
2026-10-07 06:16:13 INFO  [main] org.apache.catalina.core.StandardEngine - Starting Servlet engine: [Apache Tomcat/11.0.24]
2026-10-07 06:16:13 INFO  [main] org.springframework.boot.web.context.servlet.WebApplicationContextInitializer - Root WebApplicationContext: initialization completed in 1359 ms
2026-10-07 06:16:14 INFO  [main] org.hibernate.orm.jpa - HHH008540: Processing PersistenceUnitInfo [name: default]
2026-10-07 06:16:14 INFO  [main] org.hibernate.orm.core - HHH000001: Hibernate ORM core version 7.4.5.Final
2026-10-07 06:16:14 INFO  [main] org.springframework.orm.jpa.persistenceunit.SpringPersistenceUnitInfo - No LoadTimeWeaver setup: ignoring JPA class transformer
2026-10-07 06:16:14 INFO  [main] com.zaxxer.hikari.HikariDataSource - HikariPool-1 - Starting...
2026-10-07 06:16:15 INFO  [main] com.zaxxer.hikari.pool.HikariPool - HikariPool-1 - Added connection oracle.jdbc.driver.T4CConnection@61b8c9de
2026-10-07 06:16:15 INFO  [main] com.zaxxer.hikari.HikariDataSource - HikariPool-1 - Start completed.
2026-10-07 06:16:15 WARN  [main] org.hibernate.orm.jdbc - HHH100123: Low default JDBC fetch size: 10 (consider setting 'hibernate.jdbc.fetch_size')
2026-10-07 06:16:15 INFO  [main] org.hibernate.orm.connections.pooling - HHH10001005: Database info:
	Database JDBC URL [jdbc:oracle:thin:@localhost:1521:FREE]
	Database driver: Oracle JDBC driver
	Database dialect: OracleDialect
	Database version: 23.26.3
	Default catalog/schema: undefined/SYSTEM
	Autocommit mode: undefined/unknown
	Isolation level: READ_COMMITTED [default READ_COMMITTED]
	JDBC fetch size: 10
	Pool: DataSourceConnectionProvider
	Minimum pool size: undefined/unknown
	Maximum pool size: undefined/unknown
2026-10-07 06:16:16 INFO  [main] org.hibernate.orm.core - HHH000489: No JTA platform available (set 'hibernate.transaction.jta.platform' to enable JTA platform integration)
2026-10-07 06:16:18 INFO  [main] org.springframework.orm.jpa.LocalContainerEntityManagerFactoryBean - Initialized JPA EntityManagerFactory for persistence unit 'default'
2026-10-07 06:16:18 INFO  [main] org.springframework.data.jpa.repository.query.QueryEnhancerFactories - Hibernate is in classpath; If applicable, HQL parser will be used.
2026-10-07 06:16:18 WARN  [main] org.springframework.boot.jpa.autoconfigure.JpaBaseConfiguration$JpaWebConfiguration - spring.jpa.open-in-view is enabled by default. Therefore, database queries may be performed during view rendering. Explicitly configure spring.jpa.open-in-view to disable this warning
2026-10-07 06:16:19 INFO  [main] org.apache.coyote.http11.Http11NioProtocol - Starting ProtocolHandler ["http-nio-8080"]
2026-10-07 06:16:19 INFO  [main] org.springframework.boot.tomcat.TomcatWebServer - Tomcat started on port 8080 (http) with context path '/'
2026-10-07 06:16:19 INFO  [main] com.payment.EzPayAppApplication - Started EzPayAppApplication in 7.995 seconds (process running for 9.079)
2026-10-07 06:18:34 INFO  [http-nio-8080-exec-1] org.apache.catalina.core.ContainerBase.[Tomcat].[localhost].[/] - Initializing Spring DispatcherServlet 'dispatcherServlet'
2026-10-07 06:18:34 INFO  [http-nio-8080-exec-1] org.springframework.web.servlet.DispatcherServlet - Initializing Servlet 'dispatcherServlet'
2026-10-07 06:18:34 INFO  [http-nio-8080-exec-1] org.springframework.web.servlet.DispatcherServlet - Completed initialization in 1 ms
2026-10-07 06:18:34 INFO  [http-nio-8080-exec-1] com.payment.service.UPITransactionService - UPI payment processing started for userId: 1
2026-10-07 06:18:34 INFO  [http-nio-8080-exec-1] com.payment.service.UPITransactionService - UPI payment successful
2026-10-07 06:19:51 INFO  [http-nio-8080-exec-3] com.payment.service.BankTransferService - Bank transfer processing started for userId: 1
2026-10-07 06:19:51 INFO  [http-nio-8080-exec-3] com.payment.service.BankTransferService - Bank transfer successful
2026-10-07 06:22:51 INFO  [RMI TCP Connection(8)-10.30.1.3] org.springframework.boot.admin.SpringApplicationAdminMXBeanRegistrar$SpringApplicationAdmin - Application shutdown requested.
2026-10-07 06:22:51 INFO  [RMI TCP Connection(8)-10.30.1.3] org.springframework.boot.tomcat.GracefulShutdown - Commencing graceful shutdown. Waiting for active requests to complete
2026-10-07 06:22:51 INFO  [tomcat-shutdown] org.apache.coyote.http11.Http11NioProtocol - Pausing ProtocolHandler ["http-nio-8080"]
2026-10-07 06:22:51 INFO  [tomcat-shutdown] org.springframework.boot.tomcat.GracefulShutdown - Graceful shutdown complete
2026-10-07 06:22:51 INFO  [RMI TCP Connection(8)-10.30.1.3] org.apache.coyote.http11.Http11NioProtocol - Stopping ProtocolHandler ["http-nio-8080"]
2026-10-07 06:22:51 INFO  [RMI TCP Connection(8)-10.30.1.3] org.springframework.orm.jpa.LocalContainerEntityManagerFactoryBean - Closing JPA EntityManagerFactory for persistence unit 'default'
2026-10-07 06:22:51 INFO  [RMI TCP Connection(8)-10.30.1.3] com.zaxxer.hikari.HikariDataSource - HikariPool-1 - Shutdown initiated...
2026-10-07 06:22:51 INFO  [RMI TCP Connection(8)-10.30.1.3] com.zaxxer.hikari.HikariDataSource - HikariPool-1 - Shutdown completed.
2026-10-07 06:28:20 INFO  [main] com.payment.EzPayAppApplication - Starting EzPayAppApplication using Java 21.0.12.1 with PID 13300 (C:\Users\azureuser\eclipse-workspace\capstone\Ez_PayApp\target\classes started by azureuser in C:\Users\azureuser\eclipse-workspace\capstone\Ez_PayApp)
2026-10-07 06:28:20 INFO  [main] com.payment.EzPayAppApplication - No active profile set, falling back to 1 default profile: "default"
2026-10-07 06:28:21 INFO  [main] org.springframework.data.repository.config.RepositoryConfigurationDelegate - Bootstrapping Spring Data JPA repositories in DEFAULT mode.
2026-10-07 06:28:21 INFO  [main] org.springframework.data.repository.config.RepositoryConfigurationDelegate - Finished Spring Data repository scanning in 48 ms. Found 2 JPA repository interfaces.
2026-10-07 06:28:22 INFO  [main] org.springframework.boot.tomcat.TomcatWebServer - Tomcat initialized with port 8080 (http)
2026-10-07 06:28:22 INFO  [main] org.apache.coyote.http11.Http11NioProtocol - Initializing ProtocolHandler ["http-nio-8080"]
2026-10-07 06:28:22 INFO  [main] org.apache.catalina.core.StandardService - Starting service [Tomcat]
2026-10-07 06:28:22 INFO  [main] org.apache.catalina.core.StandardEngine - Starting Servlet engine: [Apache Tomcat/11.0.24]
2026-10-07 06:28:22 INFO  [main] org.springframework.boot.web.context.servlet.WebApplicationContextInitializer - Root WebApplicationContext: initialization completed in 1483 ms
2026-10-07 06:28:22 INFO  [main] org.hibernate.orm.jpa - HHH008540: Processing PersistenceUnitInfo [name: default]
2026-10-07 06:28:22 INFO  [main] org.hibernate.orm.core - HHH000001: Hibernate ORM core version 7.4.5.Final
2026-10-07 06:28:23 INFO  [main] org.springframework.orm.jpa.persistenceunit.SpringPersistenceUnitInfo - No LoadTimeWeaver setup: ignoring JPA class transformer
2026-10-07 06:28:23 INFO  [main] com.zaxxer.hikari.HikariDataSource - HikariPool-1 - Starting...
2026-10-07 06:28:23 INFO  [main] com.zaxxer.hikari.pool.HikariPool - HikariPool-1 - Added connection oracle.jdbc.driver.T4CConnection@40017e98
2026-10-07 06:28:23 INFO  [main] com.zaxxer.hikari.HikariDataSource - HikariPool-1 - Start completed.
2026-10-07 06:28:24 WARN  [main] org.hibernate.orm.jdbc - HHH100123: Low default JDBC fetch size: 10 (consider setting 'hibernate.jdbc.fetch_size')
2026-10-07 06:28:24 INFO  [main] org.hibernate.orm.connections.pooling - HHH10001005: Database info:
	Database JDBC URL [jdbc:oracle:thin:@localhost:1521:FREE]
	Database driver: Oracle JDBC driver
	Database dialect: OracleDialect
	Database version: 23.26.3
	Default catalog/schema: undefined/SYSTEM
	Autocommit mode: undefined/unknown
	Isolation level: READ_COMMITTED [default READ_COMMITTED]
	JDBC fetch size: 10
	Pool: DataSourceConnectionProvider
	Minimum pool size: undefined/unknown
	Maximum pool size: undefined/unknown
2026-10-07 06:28:25 INFO  [main] org.hibernate.orm.core - HHH000489: No JTA platform available (set 'hibernate.transaction.jta.platform' to enable JTA platform integration)
2026-10-07 06:28:25 INFO  [main] org.springframework.orm.jpa.LocalContainerEntityManagerFactoryBean - Initialized JPA EntityManagerFactory for persistence unit 'default'
2026-10-07 06:28:25 INFO  [main] org.springframework.data.jpa.repository.query.QueryEnhancerFactories - Hibernate is in classpath; If applicable, HQL parser will be used.
2026-10-07 06:28:26 WARN  [main] org.springframework.boot.jpa.autoconfigure.JpaBaseConfiguration$JpaWebConfiguration - spring.jpa.open-in-view is enabled by default. Therefore, database queries may be performed during view rendering. Explicitly configure spring.jpa.open-in-view to disable this warning
2026-10-07 06:28:26 INFO  [main] org.apache.coyote.http11.Http11NioProtocol - Starting ProtocolHandler ["http-nio-8080"]
2026-10-07 06:28:26 INFO  [main] org.springframework.boot.tomcat.TomcatWebServer - Tomcat started on port 8080 (http) with context path '/'
2026-10-07 06:28:26 INFO  [main] com.payment.EzPayAppApplication - Started EzPayAppApplication in 5.89 seconds (process running for 7.085)
2026-10-07 06:29:26 INFO  [http-nio-8080-exec-1] org.apache.catalina.core.ContainerBase.[Tomcat].[localhost].[/] - Initializing Spring DispatcherServlet 'dispatcherServlet'
2026-10-07 06:29:26 INFO  [http-nio-8080-exec-1] org.springframework.web.servlet.DispatcherServlet - Initializing Servlet 'dispatcherServlet'
2026-10-07 06:29:26 INFO  [http-nio-8080-exec-1] org.springframework.web.servlet.DispatcherServlet - Completed initialization in 4 ms
2026-10-07 06:29:26 INFO  [http-nio-8080-exec-1] com.payment.service.UPITransactionService - UPI payment processing started for userId: 1
2026-10-07 06:29:26 INFO  [http-nio-8080-exec-1] com.payment.service.UPITransactionService - UPI payment successful
2026-10-07 06:30:56 INFO  [http-nio-8080-exec-3] com.payment.service.UPITransactionService - UPI payment processing started for userId: 1
2026-10-07 06:30:56 ERROR [http-nio-8080-exec-3] com.payment.service.UPITransactionService - UPI payment failed: UPI ID is missing
2026-10-07 06:32:06 INFO  [http-nio-8080-exec-5] com.payment.service.UPITransactionService - UPI payment processing started for userId: 1
2026-10-07 06:32:06 ERROR [http-nio-8080-exec-5] com.payment.service.UPITransactionService - UPI payment failed: Invalid amount
2026-10-07 06:33:52 INFO  [RMI TCP Connection(7)-10.30.1.3] org.springframework.boot.admin.SpringApplicationAdminMXBeanRegistrar$SpringApplicationAdmin - Application shutdown requested.
2026-10-07 06:33:52 INFO  [RMI TCP Connection(7)-10.30.1.3] org.springframework.boot.tomcat.GracefulShutdown - Commencing graceful shutdown. Waiting for active requests to complete
2026-10-07 06:33:52 INFO  [tomcat-shutdown] org.apache.coyote.http11.Http11NioProtocol - Pausing ProtocolHandler ["http-nio-8080"]
2026-10-07 06:33:52 INFO  [tomcat-shutdown] org.springframework.boot.tomcat.GracefulShutdown - Graceful shutdown complete
2026-10-07 06:33:52 INFO  [RMI TCP Connection(7)-10.30.1.3] org.apache.coyote.http11.Http11NioProtocol - Stopping ProtocolHandler ["http-nio-8080"]
2026-10-07 06:33:52 INFO  [RMI TCP Connection(7)-10.30.1.3] org.springframework.orm.jpa.LocalContainerEntityManagerFactoryBean - Closing JPA EntityManagerFactory for persistence unit 'default'
2026-10-07 06:33:52 INFO  [RMI TCP Connection(7)-10.30.1.3] com.zaxxer.hikari.HikariDataSource - HikariPool-1 - Shutdown initiated...
2026-10-07 06:33:52 INFO  [RMI TCP Connection(7)-10.30.1.3] com.zaxxer.hikari.HikariDataSource - HikariPool-1 - Shutdown completed.
2026-10-07 06:35:34 INFO  [main] com.payment.EzPayAppApplication - Starting EzPayAppApplication using Java 21.0.12.1 with PID 4196 (C:\Users\azureuser\eclipse-workspace\capstone\Ez_PayApp\target\classes started by azureuser in C:\Users\azureuser\eclipse-workspace\capstone\Ez_PayApp)
2026-10-07 06:35:34 INFO  [main] com.payment.EzPayAppApplication - No active profile set, falling back to 1 default profile: "default"
2026-10-07 06:35:35 INFO  [main] org.springframework.data.repository.config.RepositoryConfigurationDelegate - Bootstrapping Spring Data JPA repositories in DEFAULT mode.
2026-10-07 06:35:35 INFO  [main] org.springframework.data.repository.config.RepositoryConfigurationDelegate - Finished Spring Data repository scanning in 43 ms. Found 2 JPA repository interfaces.
2026-10-07 06:35:35 INFO  [main] org.springframework.boot.tomcat.TomcatWebServer - Tomcat initialized with port 8080 (http)
2026-10-07 06:35:35 INFO  [main] org.apache.coyote.http11.Http11NioProtocol - Initializing ProtocolHandler ["http-nio-8080"]
2026-10-07 06:35:35 INFO  [main] org.apache.catalina.core.StandardService - Starting service [Tomcat]
2026-10-07 06:35:35 INFO  [main] org.apache.catalina.core.StandardEngine - Starting Servlet engine: [Apache Tomcat/11.0.24]
2026-10-07 06:35:36 INFO  [main] org.springframework.boot.web.context.servlet.WebApplicationContextInitializer - Root WebApplicationContext: initialization completed in 1280 ms
2026-10-07 06:35:36 INFO  [main] org.hibernate.orm.jpa - HHH008540: Processing PersistenceUnitInfo [name: default]
2026-10-07 06:35:36 INFO  [main] org.hibernate.orm.core - HHH000001: Hibernate ORM core version 7.4.5.Final
2026-10-07 06:35:36 INFO  [main] org.springframework.orm.jpa.persistenceunit.SpringPersistenceUnitInfo - No LoadTimeWeaver setup: ignoring JPA class transformer
2026-10-07 06:35:36 INFO  [main] com.zaxxer.hikari.HikariDataSource - HikariPool-1 - Starting...
2026-10-07 06:35:37 INFO  [main] com.zaxxer.hikari.pool.HikariPool - HikariPool-1 - Added connection oracle.jdbc.driver.T4CConnection@135064ea
2026-10-07 06:35:37 INFO  [main] com.zaxxer.hikari.HikariDataSource - HikariPool-1 - Start completed.
2026-10-07 06:35:37 WARN  [main] org.hibernate.orm.jdbc - HHH100123: Low default JDBC fetch size: 10 (consider setting 'hibernate.jdbc.fetch_size')
2026-10-07 06:35:37 INFO  [main] org.hibernate.orm.connections.pooling - HHH10001005: Database info:
	Database JDBC URL [jdbc:oracle:thin:@localhost:1521:FREE]
	Database driver: Oracle JDBC driver
	Database dialect: OracleDialect
	Database version: 23.26.3
	Default catalog/schema: undefined/SYSTEM
	Autocommit mode: undefined/unknown
	Isolation level: READ_COMMITTED [default READ_COMMITTED]
	JDBC fetch size: 10
	Pool: DataSourceConnectionProvider
	Minimum pool size: undefined/unknown
	Maximum pool size: undefined/unknown
2026-10-07 06:35:38 INFO  [main] org.hibernate.orm.core - HHH000489: No JTA platform available (set 'hibernate.transaction.jta.platform' to enable JTA platform integration)
2026-10-07 06:35:39 INFO  [main] org.springframework.orm.jpa.LocalContainerEntityManagerFactoryBean - Initialized JPA EntityManagerFactory for persistence unit 'default'
2026-10-07 06:35:39 INFO  [main] org.springframework.data.jpa.repository.query.QueryEnhancerFactories - Hibernate is in classpath; If applicable, HQL parser will be used.
2026-10-07 06:35:39 WARN  [main] org.springframework.boot.jpa.autoconfigure.JpaBaseConfiguration$JpaWebConfiguration - spring.jpa.open-in-view is enabled by default. Therefore, database queries may be performed during view rendering. Explicitly configure spring.jpa.open-in-view to disable this warning
2026-10-07 06:35:39 INFO  [main] org.apache.coyote.http11.Http11NioProtocol - Starting ProtocolHandler ["http-nio-8080"]
2026-10-07 06:35:39 INFO  [main] org.springframework.boot.tomcat.TomcatWebServer - Tomcat started on port 8080 (http) with context path '/'
2026-10-07 06:35:39 INFO  [main] com.payment.EzPayAppApplication - Started EzPayAppApplication in 5.548 seconds (process running for 7.046)
2026-10-07 06:37:00 INFO  [http-nio-8080-exec-1] org.apache.catalina.core.ContainerBase.[Tomcat].[localhost].[/] - Initializing Spring DispatcherServlet 'dispatcherServlet'
2026-10-07 06:37:00 INFO  [http-nio-8080-exec-1] org.springframework.web.servlet.DispatcherServlet - Initializing Servlet 'dispatcherServlet'
2026-10-07 06:37:00 INFO  [http-nio-8080-exec-1] org.springframework.web.servlet.DispatcherServlet - Completed initialization in 4 ms
2026-10-07 06:37:00 INFO  [http-nio-8080-exec-1] com.payment.service.UPITransactionService - UPI payment processing started for userId: 1
2026-10-07 06:37:00 ERROR [http-nio-8080-exec-1] com.payment.service.UPITransactionService - UPI payment failed: UPI ID is missing
2026-10-07 06:37:45 INFO  [http-nio-8080-exec-2] com.payment.service.BankTransferService - Bank transfer processing started for userId: 1
2026-10-07 06:37:45 INFO  [http-nio-8080-exec-2] com.payment.service.BankTransferService - Bank transfer successful
2026-10-07 06:38:48 INFO  [http-nio-8080-exec-4] com.payment.service.BankTransferService - Bank transfer processing started for userId: 1
2026-10-07 06:38:48 ERROR [http-nio-8080-exec-4] com.payment.service.BankTransferService - Bank transfer failed: Receiver account is missing
2026-10-07 06:44:39 INFO  [http-nio-8080-exec-6] com.payment.service.BankTransferService - Bank transfer processing started for userId: 1
2026-10-07 06:44:39 ERROR [http-nio-8080-exec-6] com.payment.service.BankTransferService - Bank transfer failed: IFSC is missing
2026-10-07 06:45:42 INFO  [http-nio-8080-exec-8] com.payment.service.BankTransferService - Bank transfer processing started for userId: 1
2026-10-07 06:45:42 ERROR [http-nio-8080-exec-8] com.payment.service.BankTransferService - Bank transfer failed: Invalid amount
